// Jest Snapshot v1, https://goo.gl/fbAQLP

exports[`Component <CurrencyExchangeQuoted /> should render without errors render with static props 1`] = `
ShallowWrapper {
  Symbol(enzyme.__root__): [Circular],
  Symbol(enzyme.__unrendered__): <CurrencyExchangeQuoted
    balance={100}
    baseAmount={50}
    baseCurrency="EUR"
    quoteCurrency="GBP"
    quoteRate={0.5}
  />,
  Symbol(enzyme.__renderer__): Object {
    "batchedUpdates": [Function],
    "getNode": [Function],
    "render": [Function],
    "simulateError": [Function],
    "simulateEvent": [Function],
    "unmount": [Function],
  },
  Symbol(enzyme.__node__): Object {
    "instance": null,
    "key": undefined,
    "nodeType": "host",
    "props": Object {
      "children": <div>
        <div
          className="currencyAmount"
        >
          <div
            className="label"
          >
            GBP
          </div>
          <div
            className="amount"
          >
            +
            25.0
          </div>
        </div>
        <div
          className="sub"
        >
          <div
            className="currencyBalance"
          >
            <div>
              You have: 
              £
              100.00
            </div>
          </div>
          <div
            className="rate"
          >
            <span>
              1
              £
            </span>
            <span>
              =
            </span>
            <span>
              €
              2.00
            </span>
          </div>
        </div>
      </div>,
      "className": "CurrencyExchangeQuoted",
    },
    "ref": null,
    "rendered": Object {
      "instance": null,
      "key": undefined,
      "nodeType": "host",
      "props": Object {
        "children": Array [
          <div
            className="currencyAmount"
          >
            <div
              className="label"
            >
              GBP
            </div>
            <div
              className="amount"
            >
              +
              25.0
            </div>
          </div>,
          <div
            className="sub"
          >
            <div
              className="currencyBalance"
            >
              <div>
                You have: 
                £
                100.00
              </div>
            </div>
            <div
              className="rate"
            >
              <span>
                1
                £
              </span>
              <span>
                =
              </span>
              <span>
                €
                2.00
              </span>
            </div>
          </div>,
        ],
      },
      "ref": null,
      "rendered": Array [
        Object {
          "instance": null,
          "key": undefined,
          "nodeType": "host",
          "props": Object {
            "children": Array [
              <div
                className="label"
              >
                GBP
              </div>,
              <div
                className="amount"
              >
                +
                25.0
              </div>,
            ],
            "className": "currencyAmount",
          },
          "ref": null,
          "rendered": Array [
            Object {
              "instance": null,
              "key": undefined,
              "nodeType": "host",
              "props": Object {
                "children": "GBP",
                "className": "label",
              },
              "ref": null,
              "rendered": "GBP",
              "type": "div",
            },
            Object {
              "instance": null,
              "key": undefined,
              "nodeType": "host",
              "props": Object {
                "children": Array [
                  "+",
                  "25.0",
                ],
                "className": "amount",
              },
              "ref": null,
              "rendered": Array [
                "+",
                "25.0",
              ],
              "type": "div",
            },
          ],
          "type": "div",
        },
        Object {
          "instance": null,
          "key": undefined,
          "nodeType": "host",
          "props": Object {
            "children": Array [
              <div
                className="currencyBalance"
              >
                <div>
                  You have: 
                  £
                  100.00
                </div>
              </div>,
              <div
                className="rate"
              >
                <span>
                  1
                  £
                </span>
                <span>
                  =
                </span>
                <span>
                  €
                  2.00
                </span>
              </div>,
            ],
            "className": "sub",
          },
          "ref": null,
          "rendered": Array [
            Object {
              "instance": null,
              "key": undefined,
              "nodeType": "host",
              "props": Object {
                "children": <div>
                  You have: 
                  £
                  100.00
                </div>,
                "className": "currencyBalance",
              },
              "ref": null,
              "rendered": Object {
                "instance": null,
                "key": undefined,
                "nodeType": "host",
                "props": Object {
                  "children": Array [
                    "You have: ",
                    "£",
                    "100.00",
                  ],
                },
                "ref": null,
                "rendered": Array [
                  "You have: ",
                  "£",
                  "100.00",
                ],
                "type": "div",
              },
              "type": "div",
            },
            Object {
              "instance": null,
              "key": undefined,
              "nodeType": "host",
              "props": Object {
                "children": Array [
                  <span>
                    1
                    £
                  </span>,
                  <span>
                    =
                  </span>,
                  <span>
                    €
                    2.00
                  </span>,
                ],
                "className": "rate",
              },
              "ref": null,
              "rendered": Array [
                Object {
                  "instance": null,
                  "key": undefined,
                  "nodeType": "host",
                  "props": Object {
                    "children": Array [
                      "1",
                      "£",
                    ],
                  },
                  "ref": null,
                  "rendered": Array [
                    "1",
                    "£",
                  ],
                  "type": "span",
                },
                Object {
                  "instance": null,
                  "key": undefined,
                  "nodeType": "host",
                  "props": Object {
                    "children": "=",
                  },
                  "ref": null,
                  "rendered": "=",
                  "type": "span",
                },
                Object {
                  "instance": null,
                  "key": undefined,
                  "nodeType": "host",
                  "props": Object {
                    "children": Array [
                      "€",
                      "2.00",
                    ],
                  },
                  "ref": null,
                  "rendered": Array [
                    "€",
                    "2.00",
                  ],
                  "type": "span",
                },
              ],
              "type": "div",
            },
          ],
          "type": "div",
        },
      ],
      "type": "div",
    },
    "type": "div",
  },
  Symbol(enzyme.__nodes__): Array [
    Object {
      "instance": null,
      "key": undefined,
      "nodeType": "host",
      "props": Object {
        "children": <div>
          <div
            className="currencyAmount"
          >
            <div
              className="label"
            >
              GBP
            </div>
            <div
              className="amount"
            >
              +
              25.0
            </div>
          </div>
          <div
            className="sub"
          >
            <div
              className="currencyBalance"
            >
              <div>
                You have: 
                £
                100.00
              </div>
            </div>
            <div
              className="rate"
            >
              <span>
                1
                £
              </span>
              <span>
                =
              </span>
              <span>
                €
                2.00
              </span>
            </div>
          </div>
        </div>,
        "className": "CurrencyExchangeQuoted",
      },
      "ref": null,
      "rendered": Object {
        "instance": null,
        "key": undefined,
        "nodeType": "host",
        "props": Object {
          "children": Array [
            <div
              className="currencyAmount"
            >
              <div
                className="label"
              >
                GBP
              </div>
              <div
                className="amount"
              >
                +
                25.0
              </div>
            </div>,
            <div
              className="sub"
            >
              <div
                className="currencyBalance"
              >
                <div>
                  You have: 
                  £
                  100.00
                </div>
              </div>
              <div
                className="rate"
              >
                <span>
                  1
                  £
                </span>
                <span>
                  =
                </span>
                <span>
                  €
                  2.00
                </span>
              </div>
            </div>,
          ],
        },
        "ref": null,
        "rendered": Array [
          Object {
            "instance": null,
            "key": undefined,
            "nodeType": "host",
            "props": Object {
              "children": Array [
                <div
                  className="label"
                >
                  GBP
                </div>,
                <div
                  className="amount"
                >
                  +
                  25.0
                </div>,
              ],
              "className": "currencyAmount",
            },
            "ref": null,
            "rendered": Array [
              Object {
                "instance": null,
                "key": undefined,
                "nodeType": "host",
                "props": Object {
                  "children": "GBP",
                  "className": "label",
                },
                "ref": null,
                "rendered": "GBP",
                "type": "div",
              },
              Object {
                "instance": null,
                "key": undefined,
                "nodeType": "host",
                "props": Object {
                  "children": Array [
                    "+",
                    "25.0",
                  ],
                  "className": "amount",
                },
                "ref": null,
                "rendered": Array [
                  "+",
                  "25.0",
                ],
                "type": "div",
              },
            ],
            "type": "div",
          },
          Object {
            "instance": null,
            "key": undefined,
            "nodeType": "host",
            "props": Object {
              "children": Array [
                <div
                  className="currencyBalance"
                >
                  <div>
                    You have: 
                    £
                    100.00
                  </div>
                </div>,
                <div
                  className="rate"
                >
                  <span>
                    1
                    £
                  </span>
                  <span>
                    =
                  </span>
                  <span>
                    €
                    2.00
                  </span>
                </div>,
              ],
              "className": "sub",
            },
            "ref": null,
            "rendered": Array [
              Object {
                "instance": null,
                "key": undefined,
                "nodeType": "host",
                "props": Object {
                  "children": <div>
                    You have: 
                    £
                    100.00
                  </div>,
                  "className": "currencyBalance",
                },
                "ref": null,
                "rendered": Object {
                  "instance": null,
                  "key": undefined,
                  "nodeType": "host",
                  "props": Object {
                    "children": Array [
                      "You have: ",
                      "£",
                      "100.00",
                    ],
                  },
                  "ref": null,
                  "rendered": Array [
                    "You have: ",
                    "£",
                    "100.00",
                  ],
                  "type": "div",
                },
                "type": "div",
              },
              Object {
                "instance": null,
                "key": undefined,
                "nodeType": "host",
                "props": Object {
                  "children": Array [
                    <span>
                      1
                      £
                    </span>,
                    <span>
                      =
                    </span>,
                    <span>
                      €
                      2.00
                    </span>,
                  ],
                  "className": "rate",
                },
                "ref": null,
                "rendered": Array [
                  Object {
                    "instance": null,
                    "key": undefined,
                    "nodeType": "host",
                    "props": Object {
                      "children": Array [
                        "1",
                        "£",
                      ],
                    },
                    "ref": null,
                    "rendered": Array [
                      "1",
                      "£",
                    ],
                    "type": "span",
                  },
                  Object {
                    "instance": null,
                    "key": undefined,
                    "nodeType": "host",
                    "props": Object {
                      "children": "=",
                    },
                    "ref": null,
                    "rendered": "=",
                    "type": "span",
                  },
                  Object {
                    "instance": null,
                    "key": undefined,
                    "nodeType": "host",
                    "props": Object {
                      "children": Array [
                        "€",
                        "2.00",
                      ],
                    },
                    "ref": null,
                    "rendered": Array [
                      "€",
                      "2.00",
                    ],
                    "type": "span",
                  },
                ],
                "type": "div",
              },
            ],
            "type": "div",
          },
        ],
        "type": "div",
      },
      "type": "div",
    },
  ],
  Symbol(enzyme.__options__): Object {
    "adapter": ReactSixteenAdapter {
      "options": Object {
        "enableComponentDidUpdateOnSetState": true,
        "lifecycles": Object {
          "componentDidUpdate": Object {
            "onSetState": true,
          },
          "getDerivedStateFromProps": true,
          "getSnapshotBeforeUpdate": true,
          "setState": Object {
            "skipsComponentDidUpdateOnNullish": true,
          },
        },
      },
    },
  },
}
`;
